// Vitest Snapshot v1, https://vitest.dev/guide/snapshot.html

exports[`データ構造が一致する 1`] = `
[
  {
    "category": "全般",
    "children": [
      {
        "category": "能力値",
        "children": [
          {
            "children": [
              {
                "hasDemeritEffect": true,
                "id": "6610400",
                "maxStacks": 6,
                "name": "最大HP上昇(+10%)",
              },
              {
                "hasDemeritEffect": false,
                "id": "7000090",
                "maxStacks": 1,
                "name": "最大HP上昇(+100)",
              },
            ],
            "id": "6610400,7000090",
            "maxStacks": 6,
            "name": "最大HP上昇",
          },
          {
            "children": [
              {
                "hasDemeritEffect": true,
                "id": "6610500",
                "maxStacks": 6,
                "name": "最大FP上昇(+15%)",
              },
              {
                "hasDemeritEffect": false,
                "id": "7000190",
                "maxStacks": 1,
                "name": "最大FP上昇(+25)",
              },
            ],
            "id": "6610500,7000190",
            "maxStacks": 6,
            "name": "最大FP上昇",
          },
          {
            "children": [
              {
                "hasDemeritEffect": false,
                "id": "7000290",
                "maxStacks": 1,
                "name": "最大スタミナ上昇(+10)",
              },
              {
                "hasDemeritEffect": true,
                "id": "6610600",
                "maxStacks": 6,
                "name": "最大スタミナ上昇(1.12倍)",
              },
            ],
            "id": "7000290,6610600",
            "maxStacks": 6,
            "name": "最大スタミナ上昇",
          },
          {
            "children": [
              {
                "hasDemeritEffect": false,
                "id": "7000000",
                "maxStacks": 6,
                "name": "生命力+1",
              },
              {
                "hasDemeritEffect": false,
                "id": "7000001",
                "maxStacks": 6,
                "name": "生命力+2",
              },
              {
                "hasDemeritEffect": false,
                "id": "7000002",
                "maxStacks": 6,
                "name": "生命力+3",
              },
            ],
            "id": "7000000,7000001,7000002",
            "maxStacks": 6,
            "name": "生命力",
          },
          {
            "children": [
              {
                "hasDemeritEffect": false,
                "id": "7000100",
                "maxStacks": 6,
                "name": "精神力+1",
              },
              {
                "hasDemeritEffect": false,
                "id": "7000101",
                "maxStacks": 6,
                "name": "精神力+2",
              },
              {
                "hasDemeritEffect": false,
                "id": "7000102",
                "maxStacks": 6,
                "name": "精神力+3",
              },
            ],
            "id": "7000100,7000101,7000102",
            "maxStacks": 6,
            "name": "精神力",
          },
          {
            "children": [
              {
                "hasDemeritEffect": false,
                "id": "7000200",
                "maxStacks": 6,
                "name": "持久力+1",
              },
              {
                "hasDemeritEffect": false,
                "id": "7000201",
                "maxStacks": 6,
                "name": "持久力+2",
              },
              {
                "hasDemeritEffect": false,
                "id": "7000202",
                "maxStacks": 6,
                "name": "持久力+3",
              },
            ],
            "id": "7000200,7000201,7000202",
            "maxStacks": 6,
            "name": "持久力",
          },
          {
            "children": [
              {
                "hasDemeritEffect": false,
                "id": "7000300",
                "maxStacks": 6,
                "name": "筋力+1",
              },
              {
                "hasDemeritEffect": false,
                "id": "7000301",
                "maxStacks": 6,
                "name": "筋力+2",
              },
              {
                "hasDemeritEffect": false,
                "id": "7000302",
                "maxStacks": 6,
                "name": "筋力+3",
              },
            ],
            "id": "7000300,7000301,7000302",
            "maxStacks": 6,
            "name": "筋力",
          },
          {
            "children": [
              {
                "hasDemeritEffect": false,
                "id": "7000400",
                "maxStacks": 6,
                "name": "技量+1",
              },
              {
                "hasDemeritEffect": false,
                "id": "7000401",
                "maxStacks": 6,
                "name": "技量+2",
              },
              {
                "hasDemeritEffect": false,
                "id": "7000402",
                "maxStacks": 6,
                "name": "技量+3",
              },
            ],
            "id": "7000400,7000401,7000402",
            "maxStacks": 6,
            "name": "技量",
          },
          {
            "children": [
              {
                "hasDemeritEffect": false,
                "id": "7000500",
                "maxStacks": 6,
                "name": "知力+1",
              },
              {
                "hasDemeritEffect": false,
                "id": "7000501",
                "maxStacks": 6,
                "name": "知力+2",
              },
              {
                "hasDemeritEffect": false,
                "id": "7000502",
                "maxStacks": 6,
                "name": "知力+3",
              },
            ],
            "id": "7000500,7000501,7000502",
            "maxStacks": 6,
            "name": "知力",
          },
          {
            "children": [
              {
                "hasDemeritEffect": false,
                "id": "7000600",
                "maxStacks": 6,
                "name": "信仰+1",
              },
              {
                "hasDemeritEffect": false,
                "id": "7000601",
                "maxStacks": 6,
                "name": "信仰+2",
              },
              {
                "hasDemeritEffect": false,
                "id": "7000602",
                "maxStacks": 6,
                "name": "信仰+3",
              },
            ],
            "id": "7000600,7000601,7000602",
            "maxStacks": 6,
            "name": "信仰",
          },
          {
            "children": [
              {
                "hasDemeritEffect": false,
                "id": "7000700",
                "maxStacks": 6,
                "name": "神秘+1",
              },
              {
                "hasDemeritEffect": false,
                "id": "7000701",
                "maxStacks": 6,
                "name": "神秘+2",
              },
              {
                "hasDemeritEffect": false,
                "id": "7000702",
                "maxStacks": 6,
                "name": "神秘+3",
              },
            ],
            "id": "7000700,7000701,7000702",
            "maxStacks": 6,
            "name": "神秘",
          },
          {
            "children": [
              {
                "hasDemeritEffect": false,
                "id": "7001000",
                "maxStacks": 6,
                "name": "強靭度+1",
              },
              {
                "hasDemeritEffect": false,
                "id": "7001001",
                "maxStacks": 6,
                "name": "強靭度+2",
              },
              {
                "hasDemeritEffect": false,
                "id": "7001002",
                "maxStacks": 6,
                "name": "強靭度+3",
              },
            ],
            "id": "7001000,7001001,7001002",
            "maxStacks": 6,
            "name": "強靭度",
          },
          {
            "hasDemeritEffect": false,
            "id": "7060100",
            "maxStacks": 1,
            "name": "魔術師塔の仕掛けが解除される度、最大FP上昇",
          },
          {
            "hasDemeritEffect": false,
            "id": "6060400",
            "maxStacks": 1,
            "name": "小砦の強敵を倒す度、取得ルーン増加、発見力上昇",
          },
          {
            "hasDemeritEffect": false,
            "id": "6060300",
            "maxStacks": 1,
            "name": "大教会の強敵を倒す度、最大HP上昇",
          },
          {
            "hasDemeritEffect": false,
            "id": "6060600",
            "maxStacks": 1,
            "name": "大野営地の強敵を倒す度、最大スタミナ上昇",
          },
          {
            "hasDemeritEffect": false,
            "id": "6060500",
            "maxStacks": 1,
            "name": "遺跡の強敵を倒す度、神秘上昇",
          },
        ],
      },
      {
        "category": "攻撃力",
        "children": [
          {
            "children": [
              {
                "id": "7001400",
                "maxStacks": 6,
                "name": "物理攻撃力上昇",
              },
              {
                "hasDemeritEffect": false,
                "id": "7001401",
                "maxStacks": 6,
                "name": "物理攻撃力上昇+1",
              },
              {
                "hasDemeritEffect": false,
                "id": "7001402",
                "maxStacks": 6,
                "name": "物理攻撃力上昇+2",
              },
              {
                "hasDemeritEffect": true,
                "id": "6001400",
                "maxStacks": 6,
                "name": "物理攻撃力上昇+3",
              },
              {
                "hasDemeritEffect": true,
                "id": "6001401",
                "maxStacks": 6,
                "name": "物理攻撃力上昇+4",
              },
            ],
            "hasDemeritEffect": false,
            "id": "7001400,7001401,7001402,6001400,6001401",
            "maxStacks": 6,
            "name": "物理攻撃力上昇",
          },
          {
            "children": [
              {
                "id": "6610800",
                "maxStacks": 6,
                "name": "属性攻撃力上昇",
              },
              {
                "hasDemeritEffect": true,
                "id": "6610801",
                "maxStacks": 6,
                "name": "属性攻撃力上昇+1",
              },
              {
                "hasDemeritEffect": true,
                "id": "6610802",
                "maxStacks": 6,
                "name": "属性攻撃力上昇+2",
              },
            ],
            "hasDemeritEffect": false,
            "id": "6610800,6610801,6610802",
            "maxStacks": 6,
            "name": "属性攻撃力上昇",
          },
          {
            "children": [
              {
                "id": "7001500",
                "maxStacks": 6,
                "name": "魔力攻撃力上昇",
              },
              {
                "hasDemeritEffect": false,
                "id": "7001501",
                "maxStacks": 6,
                "name": "魔力攻撃力上昇+1",
              },
              {
                "hasDemeritEffect": false,
                "id": "7001502",
                "maxStacks": 6,
                "name": "魔力攻撃力上昇+2",
              },
              {
                "hasDemeritEffect": true,
                "id": "6001500",
                "maxStacks": 6,
                "name": "魔力攻撃力上昇+3",
              },
              {
                "hasDemeritEffect": true,
                "id": "6001501",
                "maxStacks": 6,
                "name": "魔力攻撃力上昇+4",
              },
            ],
            "hasDemeritEffect": false,
            "id": "7001500,7001501,7001502,6001500,6001501",
            "maxStacks": 6,
            "name": "魔力攻撃力上昇",
          },
          {
            "children": [
              {
                "id": "7001600",
                "maxStacks": 6,
                "name": "炎攻撃力上昇",
              },
              {
                "hasDemeritEffect": false,
                "id": "7001601",
                "maxStacks": 6,
                "name": "炎攻撃力上昇+1",
              },
              {
                "hasDemeritEffect": false,
                "id": "7001602",
                "maxStacks": 6,
                "name": "炎攻撃力上昇+2",
              },
              {
                "hasDemeritEffect": true,
                "id": "6001600",
                "maxStacks": 6,
                "name": "炎攻撃力上昇+3",
              },
              {
                "hasDemeritEffect": true,
                "id": "6001601",
                "maxStacks": 6,
                "name": "炎攻撃力上昇+4",
              },
            ],
            "hasDemeritEffect": false,
            "id": "7001600,7001601,7001602,6001600,6001601",
            "maxStacks": 6,
            "name": "炎攻撃力上昇",
          },
          {
            "children": [
              {
                "id": "7001700",
                "maxStacks": 6,
                "name": "雷攻撃力上昇",
              },
              {
                "hasDemeritEffect": false,
                "id": "7001701",
                "maxStacks": 6,
                "name": "雷攻撃力上昇+1",
              },
              {
                "hasDemeritEffect": false,
                "id": "7001702",
                "maxStacks": 6,
                "name": "雷攻撃力上昇+2",
              },
              {
                "hasDemeritEffect": true,
                "id": "6001700",
                "maxStacks": 6,
                "name": "雷攻撃力上昇+3",
              },
              {
                "hasDemeritEffect": true,
                "id": "6001701",
                "maxStacks": 6,
                "name": "雷攻撃力上昇+4",
              },
            ],
            "hasDemeritEffect": false,
            "id": "7001700,7001701,7001702,6001700,6001701",
            "maxStacks": 6,
            "name": "雷攻撃力上昇",
          },
          {
            "children": [
              {
                "id": "7001800",
                "maxStacks": 6,
                "name": "聖攻撃力上昇",
              },
              {
                "hasDemeritEffect": false,
                "id": "7001801",
                "maxStacks": 6,
                "name": "聖攻撃力上昇+1",
              },
              {
                "hasDemeritEffect": false,
                "id": "7001802",
                "maxStacks": 6,
                "name": "聖攻撃力上昇+2",
              },
              {
                "hasDemeritEffect": true,
                "id": "6001800",
                "maxStacks": 6,
                "name": "聖攻撃力上昇+3",
              },
              {
                "hasDemeritEffect": true,
                "id": "6001801",
                "maxStacks": 6,
                "name": "聖攻撃力上昇+4",
              },
            ],
            "hasDemeritEffect": false,
            "id": "7001800,7001801,7001802,6001800,6001801",
            "maxStacks": 6,
            "name": "聖攻撃力上昇",
          },
          {
            "hasDemeritEffect": false,
            "id": "7040000",
            "maxStacks": 6,
            "name": "通常攻撃の1段目強化",
          },
          {
            "children": [
              {
                "id": "7040200",
                "maxStacks": 6,
                "name": "致命の一撃強化",
              },
              {
                "hasDemeritEffect": false,
                "id": "7040201",
                "maxStacks": 1,
                "name": "致命の一撃強化+1",
              },
            ],
            "hasDemeritEffect": false,
            "id": "7040200,7040201",
            "maxStacks": 6,
            "name": "致命の一撃強化",
          },
          {
            "children": [
              {
                "id": "6611200",
                "maxStacks": 6,
                "name": "魔術強化",
              },
              {
                "hasDemeritEffect": true,
                "id": "6611201",
                "maxStacks": 6,
                "name": "魔術強化+1",
              },
              {
                "hasDemeritEffect": true,
                "id": "6611202",
                "maxStacks": 6,
                "name": "魔術強化+2",
              },
            ],
            "hasDemeritEffect": false,
            "id": "6611200,6611201,6611202",
            "maxStacks": 6,
            "name": "魔術強化",
          },
          {
            "children": [
              {
                "id": "6611300",
                "maxStacks": 6,
                "name": "祈祷強化",
              },
              {
                "hasDemeritEffect": true,
                "id": "6611301",
                "maxStacks": 6,
                "name": "祈祷強化+1",
              },
              {
                "hasDemeritEffect": true,
                "id": "6611302",
                "maxStacks": 6,
                "name": "祈祷強化+2",
              },
            ],
            "hasDemeritEffect": false,
            "id": "6611300,6611301,6611302",
            "maxStacks": 6,
            "name": "祈祷強化",
          },
          {
            "hasDemeritEffect": false,
            "id": "7043000",
            "maxStacks": 6,
            "name": "咆哮とブレス強化",
          },
          {
            "hasDemeritEffect": false,
            "id": "7006000",
            "maxStacks": 6,
            "name": "両手持ちの、体勢を崩す力上昇",
          },
          {
            "hasDemeritEffect": false,
            "id": "7006100",
            "maxStacks": 6,
            "name": "二刀持ちの、体勢を崩す力上昇",
          },
          {
            "hasDemeritEffect": false,
            "id": "7035900",
            "maxStacks": 1,
            "name": "武器の持ち替え時、物理攻撃力上昇",
          },
          {
            "hasDemeritEffect": false,
            "id": "7035800",
            "maxStacks": 6,
            "name": "属性攻撃力が付加された時、属性攻撃力上昇",
          },
          {
            "hasDemeritEffect": false,
            "id": "10001",
            "maxStacks": 1,
            "name": "攻撃を受けると攻撃力上昇",
          },
          {
            "hasDemeritEffect": false,
            "id": "7060000",
            "maxStacks": 1,
            "name": "封牢の囚を倒す度、攻撃力上昇",
          },
          {
            "hasDemeritEffect": false,
            "id": "7060200",
            "maxStacks": 1,
            "name": "夜の侵入者を倒す度、攻撃力上昇",
          },
          {
            "children": [
              {
                "id": "7040100",
                "maxStacks": 6,
                "name": "ガードカウンター強化",
              },
              {
                "hasDemeritEffect": true,
                "id": "6040100",
                "maxStacks": 6,
                "name": "ガードカウンター強化+1",
              },
              {
                "hasDemeritEffect": true,
                "id": "6040101",
                "maxStacks": 6,
                "name": "ガードカウンター強化+2",
              },
            ],
            "hasDemeritEffect": false,
            "id": "7040100,6040100,6040101",
            "maxStacks": 6,
            "name": "ガードカウンター強化",
          },
          {
            "hasDemeritEffect": false,
            "id": "7150000",
            "maxStacks": 1,
            "name": "ガードカウンターに、自身の現在HPの一部を加える",
          },
          {
            "children": [
              {
                "id": "7030900",
                "maxStacks": 1,
                "name": "脂アイテム使用時、追加で物理攻撃力上昇",
              },
              {
                "hasDemeritEffect": true,
                "id": "6030900",
                "maxStacks": 1,
                "name": "脂アイテム使用時、追加で物理攻撃力上昇+1",
              },
              {
                "hasDemeritEffect": true,
                "id": "6030901",
                "maxStacks": 1,
                "name": "脂アイテム使用時、追加で物理攻撃力上昇+2",
              },
            ],
            "hasDemeritEffect": false,
            "id": "7030900,6030900,6030901",
            "maxStacks": 3,
            "name": "脂アイテム使用時、追加で物理攻撃力上昇",
          },
          {
            "children": [
              {
                "id": "7040300",
                "maxStacks": 6,
                "name": "投擲壺の攻撃力上昇",
              },
              {
                "hasDemeritEffect": false,
                "id": "6040300",
                "maxStacks": 6,
                "name": "投擲壺の攻撃力上昇+1",
              },
              {
                "hasDemeritEffect": false,
                "id": "6040301",
                "maxStacks": 6,
                "name": "投擲壺の攻撃力上昇+2",
              },
            ],
            "hasDemeritEffect": false,
            "id": "7040300,6040300,6040301",
            "maxStacks": 6,
            "name": "投擲壺の攻撃力上昇",
          },
          {
            "children": [
              {
                "id": "7040400",
                "maxStacks": 6,
                "name": "投擲ナイフの攻撃力上昇",
              },
              {
                "hasDemeritEffect": false,
                "id": "6040400",
                "maxStacks": 6,
                "name": "投擲ナイフの攻撃力上昇+1",
              },
              {
                "hasDemeritEffect": false,
                "id": "6040401",
                "maxStacks": 6,
                "name": "投擲ナイフの攻撃力上昇+2",
              },
            ],
            "hasDemeritEffect": false,
            "id": "7040400,6040400,6040401",
            "maxStacks": 6,
            "name": "投擲ナイフの攻撃力上昇",
          },
          {
            "children": [
              {
                "id": "7040500",
                "maxStacks": 6,
                "name": "輝石、重力石アイテムの攻撃力上昇",
              },
              {
                "hasDemeritEffect": false,
                "id": "6040500",
                "maxStacks": 6,
                "name": "輝石、重力石アイテムの攻撃力上昇+1",
              },
              {
                "hasDemeritEffect": false,
                "id": "6040501",
                "maxStacks": 6,
                "name": "輝石、重力石アイテムの攻撃力上昇+2",
              },
            ],
            "hasDemeritEffect": false,
            "id": "7040500,6040500,6040501",
            "maxStacks": 6,
            "name": "輝石、重力石アイテムの攻撃力上昇",
          },
          {
            "children": [
              {
                "id": "7043100",
                "maxStacks": 6,
                "name": "調香術強化",
              },
              {
                "hasDemeritEffect": false,
                "id": "6043100",
                "maxStacks": 6,
                "name": "調香術強化+1",
              },
            ],
            "hasDemeritEffect": false,
            "id": "7043100,6043100",
            "maxStacks": 6,
            "name": "調香術強化",
          },
        ],
      },
      {
        "category": "スキル／アーツ",
        "children": [
          {
            "children": [
              {
                "hasDemeritEffect": false,
                "id": "7000800",
                "maxStacks": 6,
                "name": "スキルクールタイム軽減+1",
              },
              {
                "hasDemeritEffect": false,
                "id": "7000801",
                "maxStacks": 6,
                "name": "スキルクールタイム軽減+2",
              },
              {
                "hasDemeritEffect": false,
                "id": "7000802",
                "maxStacks": 6,
                "name": "スキルクールタイム軽減+3",
              },
            ],
            "id": "7000800,7000801,7000802",
            "maxStacks": 6,
            "name": "スキルクールタイム軽減",
          },
          {
            "children": [
              {
                "hasDemeritEffect": false,
                "id": "7000900",
                "maxStacks": 6,
                "name": "アーツゲージ蓄積増加+1",
              },
              {
                "hasDemeritEffect": false,
                "id": "7000901",
                "maxStacks": 6,
                "name": "アーツゲージ蓄積増加+2",
              },
              {
                "hasDemeritEffect": false,
                "id": "7000902",
                "maxStacks": 6,
                "name": "アーツゲージ蓄積増加+3",
              },
            ],
            "id": "7000900,7000901,7000902",
            "maxStacks": 6,
            "name": "アーツゲージ蓄積増加",
          },
          {
            "children": [
              {
                "id": "7090000",
                "maxStacks": 1,
                "name": "敵を倒した時のアーツゲージ蓄積増加",
              },
              {
                "hasDemeritEffect": true,
                "id": "6090000",
                "maxStacks": 1,
                "name": "敵を倒した時のアーツゲージ蓄積増加+1",
              },
            ],
            "hasDemeritEffect": false,
            "id": "7090000,6090000",
            "maxStacks": 2,
            "name": "敵を倒した時のアーツゲージ蓄積増加",
          },
          {
            "children": [
              {
                "id": "7030800",
                "maxStacks": 1,
                "name": "致命の一撃で、アーツゲージ蓄積増加",
              },
              {
                "hasDemeritEffect": true,
                "id": "6030800",
                "maxStacks": 1,
                "name": "致命の一撃で、アーツゲージ蓄積増加+1",
              },
            ],
            "hasDemeritEffect": false,
            "id": "7030800,6030800",
            "maxStacks": 2,
            "name": "致命の一撃で、アーツゲージ蓄積増加",
          },
          {
            "children": [
              {
                "id": "7030600",
                "maxStacks": 1,
                "name": "ガード成功時、アーツゲージを蓄積",
              },
              {
                "hasDemeritEffect": true,
                "id": "6030600",
                "maxStacks": 1,
                "name": "ガード成功時、アーツゲージを蓄積+1",
              },
            ],
            "hasDemeritEffect": false,
            "id": "7030600,6030600",
            "maxStacks": 2,
            "name": "ガード成功時、アーツゲージを蓄積",
          },
        ],
      },
      {
        "category": "魔術／祈祷",
        "children": [
          {
            "hasDemeritEffect": false,
            "id": "7043400",
            "maxStacks": 6,
            "name": "輝剣の魔術を強化",
          },
          {
            "hasDemeritEffect": false,
            "id": "7043200",
            "maxStacks": 6,
            "name": "石堀りの魔術を強化",
          },
          {
            "hasDemeritEffect": false,
            "id": "7043300",
            "maxStacks": 6,
            "name": "カーリアの剣の魔術を強化",
          },
          {
            "hasDemeritEffect": false,
            "id": "7043500",
            "maxStacks": 6,
            "name": "不可視の魔術を強化",
          },
          {
            "hasDemeritEffect": false,
            "id": "7043600",
            "maxStacks": 6,
            "name": "結晶人の魔術を強化",
          },
          {
            "hasDemeritEffect": false,
            "id": "7043700",
            "maxStacks": 6,
            "name": "重力の魔術を強化",
          },
          {
            "hasDemeritEffect": false,
            "id": "7043800",
            "maxStacks": 6,
            "name": "茨の魔術を強化",
          },
          {
            "hasDemeritEffect": false,
            "id": "7044000",
            "maxStacks": 6,
            "name": "黄金律原理主義の祈祷を強化",
          },
          {
            "hasDemeritEffect": false,
            "id": "7044100",
            "maxStacks": 6,
            "name": "王都古竜信仰の祈祷を強化",
          },
          {
            "hasDemeritEffect": false,
            "id": "7044200",
            "maxStacks": 6,
            "name": "巨人の火の祈祷を強化",
          },
          {
            "hasDemeritEffect": false,
            "id": "7044300",
            "maxStacks": 6,
            "name": "神狩りの祈祷を強化",
          },
          {
            "hasDemeritEffect": false,
            "id": "7044400",
            "maxStacks": 6,
            "name": "獣の祈祷を強化",
          },
          {
            "hasDemeritEffect": false,
            "id": "7044500",
            "maxStacks": 6,
            "name": "狂い火の祈祷を強化",
          },
          {
            "hasDemeritEffect": false,
            "id": "7044600",
            "maxStacks": 6,
            "name": "竜餐の祈祷を強化",
          },
        ],
      },
      {
        "category": "カット率",
        "children": [
          {
            "children": [
              {
                "id": "7006200",
                "maxStacks": 6,
                "name": "物理カット率上昇",
              },
              {
                "hasDemeritEffect": true,
                "id": "6611001",
                "maxStacks": 6,
                "name": "物理カット率上昇+1",
              },
              {
                "hasDemeritEffect": true,
                "id": "6611002",
                "maxStacks": 6,
                "name": "物理カット率上昇+2",
              },
            ],
            "hasDemeritEffect": false,
            "id": "7006200,6611001,6611002",
            "maxStacks": 6,
            "name": "物理カット率上昇",
          },
          {
            "children": [
              {
                "id": "6611100",
                "maxStacks": 6,
                "name": "属性カット率上昇",
              },
              {
                "hasDemeritEffect": true,
                "id": "6611101",
                "maxStacks": 6,
                "name": "属性カット率上昇+1",
              },
              {
                "hasDemeritEffect": true,
                "id": "6611102",
                "maxStacks": 6,
                "name": "属性カット率上昇+2",
              },
            ],
            "hasDemeritEffect": false,
            "id": "6611100,6611101,6611102",
            "maxStacks": 6,
            "name": "属性カット率上昇",
          },
          {
            "children": [
              {
                "id": "7002600",
                "maxStacks": 6,
                "name": "魔力カット率上昇",
              },
              {
                "hasDemeritEffect": true,
                "id": "6002600",
                "maxStacks": 6,
                "name": "魔力カット率上昇+1",
              },
              {
                "hasDemeritEffect": true,
                "id": "6002601",
                "maxStacks": 6,
                "name": "魔力カット率上昇+2",
              },
            ],
            "hasDemeritEffect": false,
            "id": "7002600,6002600,6002601",
            "maxStacks": 6,
            "name": "魔力カット率上昇",
          },
          {
            "children": [
              {
                "id": "7002700",
                "maxStacks": 6,
                "name": "炎カット率上昇",
              },
              {
                "hasDemeritEffect": true,
                "id": "6002700",
                "maxStacks": 6,
                "name": "炎カット率上昇+1",
              },
              {
                "hasDemeritEffect": true,
                "id": "6002701",
                "maxStacks": 6,
                "name": "炎カット率上昇+2",
              },
            ],
            "hasDemeritEffect": false,
            "id": "7002700,6002700,6002701",
            "maxStacks": 6,
            "name": "炎カット率上昇",
          },
          {
            "children": [
              {
                "id": "7002800",
                "maxStacks": 6,
                "name": "雷カット率上昇",
              },
              {
                "hasDemeritEffect": true,
                "id": "6002800",
                "maxStacks": 6,
                "name": "雷カット率上昇+1",
              },
              {
                "hasDemeritEffect": true,
                "id": "6002801",
                "maxStacks": 6,
                "name": "雷カット率上昇+2",
              },
            ],
            "hasDemeritEffect": false,
            "id": "7002800,6002800,6002801",
            "maxStacks": 6,
            "name": "雷カット率上昇",
          },
          {
            "children": [
              {
                "id": "7002900",
                "maxStacks": 6,
                "name": "聖カット率上昇",
              },
              {
                "hasDemeritEffect": true,
                "id": "6002900",
                "maxStacks": 6,
                "name": "聖カット率上昇+1",
              },
              {
                "hasDemeritEffect": true,
                "id": "6002901",
                "maxStacks": 6,
                "name": "聖カット率上昇+2",
              },
            ],
            "hasDemeritEffect": false,
            "id": "7002900,6002900,6002901",
            "maxStacks": 6,
            "name": "聖カット率上昇",
          },
          {
            "hasDemeritEffect": false,
            "id": "7012300",
            "maxStacks": 6,
            "name": "HP低下時、カット率上昇",
          },
          {
            "hasDemeritEffect": false,
            "id": "7240000",
            "maxStacks": 1,
            "name": "ダメージで吹き飛ばされた時、強靭度とカット率上昇",
          },
        ],
      },
      {
        "category": "状態異常耐性",
        "children": [
          {
            "children": [
              {
                "id": "7003000",
                "maxStacks": 6,
                "name": "毒耐性上昇",
              },
              {
                "hasDemeritEffect": false,
                "id": "6003000",
                "maxStacks": 6,
                "name": "毒耐性上昇+1",
              },
              {
                "hasDemeritEffect": false,
                "id": "6003001",
                "maxStacks": 6,
                "name": "毒耐性上昇+2",
              },
            ],
            "hasDemeritEffect": false,
            "id": "7003000,6003000,6003001",
            "maxStacks": 6,
            "name": "毒耐性上昇",
          },
          {
            "children": [
              {
                "id": "7003400",
                "maxStacks": 6,
                "name": "腐敗耐性上昇",
              },
              {
                "hasDemeritEffect": false,
                "id": "6003400",
                "maxStacks": 6,
                "name": "腐敗耐性上昇+1",
              },
              {
                "hasDemeritEffect": false,
                "id": "6003401",
                "maxStacks": 6,
                "name": "腐敗耐性上昇+2",
              },
            ],
            "hasDemeritEffect": false,
            "id": "7003400,6003400,6003401",
            "maxStacks": 6,
            "name": "腐敗耐性上昇",
          },
          {
            "children": [
              {
                "id": "7003100",
                "maxStacks": 6,
                "name": "出血耐性上昇",
              },
              {
                "hasDemeritEffect": false,
                "id": "6003100",
                "maxStacks": 6,
                "name": "出血耐性上昇+1",
              },
              {
                "hasDemeritEffect": false,
                "id": "6003101",
                "maxStacks": 6,
                "name": "出血耐性上昇+2",
              },
            ],
            "hasDemeritEffect": false,
            "id": "7003100,6003100,6003101",
            "maxStacks": 6,
            "name": "出血耐性上昇",
          },
          {
            "children": [
              {
                "id": "7003500",
                "maxStacks": 6,
                "name": "冷気耐性上昇",
              },
              {
                "hasDemeritEffect": false,
                "id": "6003500",
                "maxStacks": 6,
                "name": "冷気耐性上昇+1",
              },
              {
                "hasDemeritEffect": false,
                "id": "6003501",
                "maxStacks": 6,
                "name": "冷気耐性上昇+2",
              },
            ],
            "hasDemeritEffect": false,
            "id": "7003500,6003500,6003501",
            "maxStacks": 6,
            "name": "冷気耐性上昇",
          },
          {
            "children": [
              {
                "id": "7003200",
                "maxStacks": 6,
                "name": "睡眠耐性上昇",
              },
              {
                "hasDemeritEffect": false,
                "id": "6003200",
                "maxStacks": 6,
                "name": "睡眠耐性上昇+1",
              },
              {
                "hasDemeritEffect": false,
                "id": "6003201",
                "maxStacks": 6,
                "name": "睡眠耐性上昇+2",
              },
            ],
            "hasDemeritEffect": false,
            "id": "7003200,6003200,6003201",
            "maxStacks": 6,
            "name": "睡眠耐性上昇",
          },
          {
            "children": [
              {
                "id": "7003600",
                "maxStacks": 6,
                "name": "発狂耐性上昇",
              },
              {
                "hasDemeritEffect": false,
                "id": "6003600",
                "maxStacks": 6,
                "name": "発狂耐性上昇+1",
              },
              {
                "hasDemeritEffect": false,
                "id": "6003601",
                "maxStacks": 6,
                "name": "発狂耐性上昇+2",
              },
            ],
            "hasDemeritEffect": false,
            "id": "7003600,6003600,6003601",
            "maxStacks": 6,
            "name": "発狂耐性上昇",
          },
          {
            "children": [
              {
                "id": "7003300",
                "maxStacks": 6,
                "name": "抗死耐性上昇",
              },
              {
                "hasDemeritEffect": false,
                "id": "6003300",
                "maxStacks": 6,
                "name": "抗死耐性上昇+1",
              },
              {
                "hasDemeritEffect": false,
                "id": "6003301",
                "maxStacks": 6,
                "name": "抗死耐性上昇+2",
              },
            ],
            "hasDemeritEffect": false,
            "id": "7003300,6003300,6003301",
            "maxStacks": 6,
            "name": "抗死耐性上昇",
          },
        ],
      },
      {
        "category": "回復",
        "children": [
          {
            "hasDemeritEffect": false,
            "id": "7001100",
            "maxStacks": 1,
            "name": "HP持続回復",
          },
          {
            "hasDemeritEffect": false,
            "id": "7012200",
            "maxStacks": 1,
            "name": "HP低下時、周囲の味方を含めHPをゆっくりと回復",
          },
          {
            "hasDemeritEffect": false,
            "id": "7036100",
            "maxStacks": 1,
            "name": "ガード成功時、HP回復",
          },
          {
            "children": [
              {
                "id": "7160000",
                "maxStacks": 1,
                "name": "刺突カウンター発生時、HP回復",
              },
              {
                "hasDemeritEffect": true,
                "id": "6160000",
                "maxStacks": 1,
                "name": "刺突カウンター発生時、HP回復+1",
              },
            ],
            "hasDemeritEffect": false,
            "id": "7160000,6160000",
            "maxStacks": 2,
            "name": "刺突カウンター発生時、HP回復",
          },
          {
            "children": [
              {
                "id": "7005600",
                "maxStacks": 1,
                "name": "ダメージを受けた直後、攻撃によりHPの一部を回復",
              },
              {
                "hasDemeritEffect": true,
                "id": "6005600",
                "maxStacks": 1,
                "name": "ダメージを受けた直後、攻撃によりHPの一部を回復+1",
              },
              {
                "hasDemeritEffect": true,
                "id": "6005601",
                "maxStacks": 1,
                "name": "ダメージを受けた直後、攻撃によりHPの一部を回復+2",
              },
            ],
            "hasDemeritEffect": false,
            "id": "7005600,6005600,6005601",
            "maxStacks": 3,
            "name": "ダメージを受けた直後、攻撃によりHPの一部を回復",
          },
          {
            "children": [
              {
                "id": "7030200",
                "maxStacks": 1,
                "name": "苔薬などのアイテム使用でHP回復",
              },
              {
                "hasDemeritEffect": false,
                "id": "6030200",
                "maxStacks": 1,
                "name": "苔薬などのアイテム使用でHP回復+1",
              },
              {
                "hasDemeritEffect": false,
                "id": "6030201",
                "maxStacks": 1,
                "name": "苔薬などのアイテム使用でHP回復+2",
              },
            ],
            "hasDemeritEffect": false,
            "id": "7030200,6030200,6030201",
            "maxStacks": 3,
            "name": "苔薬などのアイテム使用でHP回復",
          },
          {
            "hasDemeritEffect": false,
            "id": "6611400",
            "maxStacks": 1,
            "name": "聖杯瓶の回復量上昇",
          },
          {
            "children": [
              {
                "id": "6610700",
                "maxStacks": 6,
                "name": "消費FP軽減",
              },
              {
                "hasDemeritEffect": false,
                "id": "6610701",
                "maxStacks": 6,
                "name": "消費FP軽減+1",
              },
              {
                "hasDemeritEffect": false,
                "id": "6610702",
                "maxStacks": 6,
                "name": "消費FP軽減+2",
              },
            ],
            "hasDemeritEffect": false,
            "id": "6610700,6610701,6610702",
            "maxStacks": 6,
            "name": "消費FP軽減",
          },
          {
            "hasDemeritEffect": false,
            "id": "10000",
            "maxStacks": 6,
            "name": "攻撃連続時、FP回復",
          },
          {
            "hasDemeritEffect": false,
            "id": "7035500",
            "maxStacks": 1,
            "name": "発狂状態になると、FP持続回復",
          },
          {
            "children": [
              {
                "id": "7100100",
                "maxStacks": 1,
                "name": "攻撃命中時、スタミナ回復",
              },
              {
                "hasDemeritEffect": false,
                "id": "7100110",
                "maxStacks": 1,
                "name": "攻撃命中時、スタミナ回復+1",
              },
            ],
            "hasDemeritEffect": false,
            "id": "7100100,7100110",
            "maxStacks": 2,
            "name": "攻撃命中時、スタミナ回復",
          },
          {
            "children": [
              {
                "id": "7035100",
                "maxStacks": 1,
                "name": "致命の一撃で、スタミナ回復速度上昇",
              },
              {
                "hasDemeritEffect": false,
                "id": "6035100",
                "maxStacks": 1,
                "name": "致命の一撃で、スタミナ回復速度上昇+1",
              },
            ],
            "hasDemeritEffect": false,
            "id": "7035100,6035100",
            "maxStacks": 2,
            "name": "致命の一撃で、スタミナ回復速度上昇",
          },
        ],
      },
      {
        "category": "アクション",
        "children": [
          {
            "children": [
              {
                "id": "7031900",
                "maxStacks": 6,
                "name": "致命の一撃で、ルーンを取得",
              },
              {
                "hasDemeritEffect": false,
                "id": "6031900",
                "maxStacks": 6,
                "name": "致命の一撃で、ルーンを取得+1",
              },
              {
                "hasDemeritEffect": false,
                "id": "6031901",
                "maxStacks": 6,
                "name": "致命の一撃で、ルーンを取得+2",
              },
            ],
            "hasDemeritEffect": false,
            "id": "7031900,6031900,6031901",
            "maxStacks": 6,
            "name": "致命の一撃で、ルーンを取得",
          },
          {
            "hasDemeritEffect": false,
            "id": "7035700",
            "maxStacks": 1,
            "name": "武器の持ち替え時、いずれかの属性攻撃力を付加",
          },
          {
            "hasDemeritEffect": false,
            "id": "7030700",
            "maxStacks": 1,
            "name": "ガード中、敵に狙われやすくなる",
          },
          {
            "hasDemeritEffect": false,
            "id": "7035400",
            "maxStacks": 1,
            "name": "ジェスチャー「あぐら」により、発狂が蓄積",
          },
          {
            "children": [
              {
                "id": "7260000",
                "maxStacks": 1,
                "name": "毒状態の敵に対する攻撃を強化",
              },
              {
                "hasDemeritEffect": true,
                "id": "6260000",
                "maxStacks": 1,
                "name": "毒状態の敵に対する攻撃を強化+1",
              },
              {
                "hasDemeritEffect": true,
                "id": "6260001",
                "maxStacks": 1,
                "name": "毒状態の敵に対する攻撃を強化+2",
              },
            ],
            "hasDemeritEffect": false,
            "id": "7260000,6260000,6260001",
            "maxStacks": 3,
            "name": "毒状態の敵に対する攻撃を強化",
          },
          {
            "children": [
              {
                "id": "7260300",
                "maxStacks": 1,
                "name": "腐敗状態の敵に対する攻撃を強化",
              },
              {
                "hasDemeritEffect": true,
                "id": "6260300",
                "maxStacks": 1,
                "name": "腐敗状態の敵に対する攻撃を強化+1",
              },
              {
                "hasDemeritEffect": true,
                "id": "6260301",
                "maxStacks": 1,
                "name": "腐敗状態の敵に対する攻撃を強化+2",
              },
            ],
            "hasDemeritEffect": false,
            "id": "7260300,6260300,6260301",
            "maxStacks": 3,
            "name": "腐敗状態の敵に対する攻撃を強化",
          },
          {
            "children": [
              {
                "id": "7260400",
                "maxStacks": 1,
                "name": "凍傷状態の敵に対する攻撃を強化",
              },
              {
                "hasDemeritEffect": true,
                "id": "6260400",
                "maxStacks": 1,
                "name": "凍傷状態の敵に対する攻撃を強化+1",
              },
              {
                "hasDemeritEffect": true,
                "id": "6260401",
                "maxStacks": 1,
                "name": "凍傷状態の敵に対する攻撃を強化+2",
              },
            ],
            "hasDemeritEffect": false,
            "id": "7260400,6260400,6260401",
            "maxStacks": 3,
            "name": "凍傷状態の敵に対する攻撃を強化",
          },
          {
            "hasDemeritEffect": false,
            "id": "7260710",
            "maxStacks": 1,
            "name": "周囲で毒／腐敗状態発生時、攻撃力上昇",
          },
          {
            "hasDemeritEffect": false,
            "id": "7260700",
            "maxStacks": 1,
            "name": "周囲で凍傷状態の発生時、自身の姿を隠す",
          },
          {
            "children": [
              {
                "id": "6600000",
                "maxStacks": 1,
                "name": "周囲で睡眠状態の発生時、攻撃力上昇",
              },
              {
                "hasDemeritEffect": true,
                "id": "6600001",
                "maxStacks": 1,
                "name": "周囲で睡眠状態の発生時、攻撃力上昇+1",
              },
            ],
            "hasDemeritEffect": false,
            "id": "6600000,6600001",
            "maxStacks": 2,
            "name": "周囲で睡眠状態の発生時、攻撃力上昇",
          },
          {
            "children": [
              {
                "id": "6600100",
                "maxStacks": 1,
                "name": "周囲で発狂状態の発生時、攻撃力上昇",
              },
              {
                "hasDemeritEffect": true,
                "id": "6600101",
                "maxStacks": 1,
                "name": "周囲で発狂状態の発生時、攻撃力上昇+1",
              },
            ],
            "hasDemeritEffect": false,
            "id": "6600100,6600101",
            "maxStacks": 2,
            "name": "周囲で発狂状態の発生時、攻撃力上昇",
          },
        ],
      },
      {
        "category": "出撃時の武器（戦技）",
        "children": [
          {
            "category": "出撃時の武器の戦技を「〇〇」にする",
            "hasDemeritEffect": false,
            "id": "7124300",
            "maxStacks": 6,
            "name": "出撃時の武器の戦技を「我慢」にする",
          },
          {
            "category": "出撃時の武器の戦技を「〇〇」にする",
            "hasDemeritEffect": false,
            "id": "7124400",
            "maxStacks": 6,
            "name": "出撃時の武器の戦技を「クイックステップ」にする",
          },
          {
            "category": "出撃時の武器の戦技を「〇〇」にする",
            "hasDemeritEffect": false,
            "id": "7124500",
            "maxStacks": 6,
            "name": "出撃時の武器の戦技を「嵐脚」にする",
          },
          {
            "category": "出撃時の武器の戦技を「〇〇」にする",
            "hasDemeritEffect": false,
            "id": "7124600",
            "maxStacks": 6,
            "name": "出撃時の武器の戦技を「デターミネーション」にする",
          },
          {
            "category": "出撃時の武器の戦技を「〇〇」にする",
            "hasDemeritEffect": false,
            "id": "7122700",
            "maxStacks": 6,
            "name": "出撃時の武器の戦技を「輝剣の円陣」にする",
          },
          {
            "category": "出撃時の武器の戦技を「〇〇」にする",
            "hasDemeritEffect": false,
            "id": "7122800",
            "maxStacks": 6,
            "name": "出撃時の武器の戦技を「グラビタス」にする",
          },
          {
            "category": "出撃時の武器の戦技を「〇〇」にする",
            "hasDemeritEffect": false,
            "id": "7122900",
            "maxStacks": 6,
            "name": "出撃時の武器の戦技を「炎撃」にする",
          },
          {
            "category": "出撃時の武器の戦技を「〇〇」にする",
            "hasDemeritEffect": false,
            "id": "7123000",
            "maxStacks": 6,
            "name": "出撃時の武器の戦技を「溶岩噴火」にする",
          },
          {
            "category": "出撃時の武器の戦技を「〇〇」にする",
            "hasDemeritEffect": false,
            "id": "7123100",
            "maxStacks": 6,
            "name": "出撃時の武器の戦技を「落雷」にする",
          },
          {
            "category": "出撃時の武器の戦技を「〇〇」にする",
            "hasDemeritEffect": false,
            "id": "7123200",
            "maxStacks": 6,
            "name": "出撃時の武器の戦技を「雷撃斬」にする",
          },
          {
            "category": "出撃時の武器の戦技を「〇〇」にする",
            "hasDemeritEffect": false,
            "id": "7123300",
            "maxStacks": 6,
            "name": "出撃時の武器の戦技を「聖なる刃」にする",
          },
          {
            "category": "出撃時の武器の戦技を「〇〇」にする",
            "hasDemeritEffect": false,
            "id": "7123400",
            "maxStacks": 6,
            "name": "出撃時の武器の戦技を「祈りの一撃」にする",
          },
          {
            "category": "出撃時の武器の戦技を「〇〇」にする",
            "hasDemeritEffect": false,
            "id": "7123500",
            "maxStacks": 6,
            "name": "出撃時の武器の戦技を「毒の霧」にする",
          },
          {
            "category": "出撃時の武器の戦技を「〇〇」にする",
            "hasDemeritEffect": false,
            "id": "7123600",
            "maxStacks": 6,
            "name": "出撃時の武器の戦技を「毒蛾は二度舞う」にする",
          },
          {
            "category": "出撃時の武器の戦技を「〇〇」にする",
            "hasDemeritEffect": false,
            "id": "7123700",
            "maxStacks": 6,
            "name": "出撃時の武器の戦技を「血の刃」にする",
          },
          {
            "category": "出撃時の武器の戦技を「〇〇」にする",
            "hasDemeritEffect": false,
            "id": "7123800",
            "maxStacks": 6,
            "name": "出撃時の武器の戦技を「切腹」にする",
          },
          {
            "category": "出撃時の武器の戦技を「〇〇」にする",
            "hasDemeritEffect": false,
            "id": "7123900",
            "maxStacks": 6,
            "name": "出撃時の武器の戦技を「冷気の霧」にする",
          },
          {
            "category": "出撃時の武器の戦技を「〇〇」にする",
            "hasDemeritEffect": false,
            "id": "7124000",
            "maxStacks": 6,
            "name": "出撃時の武器の戦技を「霜踏み」にする",
          },
          {
            "category": "出撃時の武器の戦技を「〇〇」にする",
            "hasDemeritEffect": false,
            "id": "7124100",
            "maxStacks": 6,
            "name": "出撃時の武器の戦技を「白い影の誘い」にする",
          },
          {
            "category": "出撃時の武器の戦技を「〇〇」にする",
            "hasDemeritEffect": false,
            "id": "7124700",
            "maxStacks": 6,
            "name": "出撃時の武器の戦技を「アローレイン」にする",
          },
        ],
      },
      {
        "category": "出撃時の武器（付加）",
        "children": [
          {
            "category": "出撃時の武器に〇〇を付加",
            "hasDemeritEffect": false,
            "id": "7120000",
            "maxStacks": 1,
            "name": "出撃時の武器に魔力攻撃力を付加",
          },
          {
            "category": "出撃時の武器に〇〇を付加",
            "hasDemeritEffect": false,
            "id": "7120100",
            "maxStacks": 1,
            "name": "出撃時の武器に炎攻撃力を付加",
          },
          {
            "category": "出撃時の武器に〇〇を付加",
            "hasDemeritEffect": false,
            "id": "7120200",
            "maxStacks": 1,
            "name": "出撃時の武器に雷攻撃力を付加",
          },
          {
            "category": "出撃時の武器に〇〇を付加",
            "hasDemeritEffect": false,
            "id": "7120300",
            "maxStacks": 1,
            "name": "出撃時の武器に聖攻撃力を付加",
          },
          {
            "category": "出撃時の武器に〇〇を付加",
            "hasDemeritEffect": false,
            "id": "7120500",
            "maxStacks": 1,
            "name": "出撃時の武器に毒の状態異常を付加",
          },
          {
            "category": "出撃時の武器に〇〇を付加",
            "hasDemeritEffect": false,
            "id": "7120600",
            "maxStacks": 1,
            "name": "出撃時の武器に出血の状態異常を付加",
          },
          {
            "category": "出撃時の武器に〇〇を付加",
            "hasDemeritEffect": false,
            "id": "7120400",
            "maxStacks": 1,
            "name": "出撃時の武器に冷気の状態異常を付加",
          },
        ],
      },
      {
        "category": "出撃時のアイテム",
        "children": [
          {
            "hasDemeritEffect": false,
            "id": "7126000",
            "maxStacks": 6,
            "name": "出撃時に「星光の欠片」を持つ",
          },
          {
            "hasDemeritEffect": false,
            "id": "7121100",
            "maxStacks": 6,
            "name": "出撃時に「火炎壺」を持つ",
          },
          {
            "hasDemeritEffect": false,
            "id": "7121200",
            "maxStacks": 6,
            "name": "出撃時に「魔力壺」を持つ",
          },
          {
            "hasDemeritEffect": false,
            "id": "7121300",
            "maxStacks": 6,
            "name": "出撃時に「雷壺」を持つ",
          },
          {
            "hasDemeritEffect": false,
            "id": "7121400",
            "maxStacks": 6,
            "name": "出撃時に「聖水壺」を持つ",
          },
          {
            "hasDemeritEffect": false,
            "id": "7121500",
            "maxStacks": 6,
            "name": "出撃時に「骨の毒投げ矢」を持つ",
          },
          {
            "hasDemeritEffect": false,
            "id": "7121600",
            "maxStacks": 6,
            "name": "出撃時に「結晶投げ矢」を持つ",
          },
          {
            "hasDemeritEffect": false,
            "id": "7121700",
            "maxStacks": 6,
            "name": "出撃時に「スローイングダガー」を持つ",
          },
          {
            "hasDemeritEffect": false,
            "id": "7121800",
            "maxStacks": 6,
            "name": "出撃時に「屑輝石」を持つ",
          },
          {
            "hasDemeritEffect": false,
            "id": "7121900",
            "maxStacks": 6,
            "name": "出撃時に「塊の重力石」を持つ",
          },
          {
            "hasDemeritEffect": false,
            "id": "7122000",
            "maxStacks": 6,
            "name": "出撃時に「誘惑の枝」を持つ",
          },
          {
            "hasDemeritEffect": false,
            "id": "6624100",
            "maxStacks": 1,
            "name": "出撃時に「火花の香り」を持つ",
          },
          {
            "hasDemeritEffect": false,
            "id": "6624400",
            "maxStacks": 1,
            "name": "出撃時に「毒の噴霧」を持つ",
          },
          {
            "hasDemeritEffect": false,
            "id": "6624200",
            "maxStacks": 1,
            "name": "出撃時に「鉄壺の香薬」を持つ",
          },
          {
            "hasDemeritEffect": false,
            "id": "6624000",
            "maxStacks": 1,
            "name": "出撃時に「高揚の香り」を持つ",
          },
          {
            "hasDemeritEffect": false,
            "id": "6624500",
            "maxStacks": 1,
            "name": "出撃時に「酸の噴霧」を持つ",
          },
          {
            "hasDemeritEffect": false,
            "id": "6624300",
            "maxStacks": 1,
            "name": "出撃時に「狂熱の香薬」を持つ",
          },
          {
            "hasDemeritEffect": false,
            "id": "7122100",
            "maxStacks": 6,
            "name": "出撃時に「呪霊喚びの鈴」を持つ",
          },
          {
            "hasDemeritEffect": false,
            "id": "7122200",
            "maxStacks": 6,
            "name": "出撃時に「火脂」を持つ",
          },
          {
            "hasDemeritEffect": false,
            "id": "7122300",
            "maxStacks": 6,
            "name": "出撃時に「魔力脂」を持つ",
          },
          {
            "hasDemeritEffect": false,
            "id": "7122400",
            "maxStacks": 6,
            "name": "出撃時に「雷脂」を持つ",
          },
          {
            "hasDemeritEffect": false,
            "id": "7122500",
            "maxStacks": 6,
            "name": "出撃時に「聖脂」を持つ",
          },
          {
            "hasDemeritEffect": false,
            "id": "7122600",
            "maxStacks": 6,
            "name": "出撃時に「盾脂」を持つ",
          },
          {
            "hasDemeritEffect": false,
            "id": "7121000",
            "maxStacks": 6,
            "name": "出撃時に「小さなポーチ」を持つ",
          },
          {
            "hasDemeritEffect": false,
            "id": "7120900",
            "maxStacks": 1,
            "name": "出撃時に「石剣の鍵」を持つ",
          },
        ],
      },
      {
        "category": "出撃時のアイテム(結晶の雫)",
        "children": [
          {
            "hasDemeritEffect": false,
            "id": "6621100",
            "maxStacks": 1,
            "name": "出撃時に「緋色の結晶雫」を持つ",
          },
          {
            "hasDemeritEffect": false,
            "id": "6621000",
            "maxStacks": 1,
            "name": "出撃時に「緋溢れの結晶雫」を持つ",
          },
          {
            "hasDemeritEffect": false,
            "id": "6621600",
            "maxStacks": 1,
            "name": "出撃時に「緋湧きの結晶雫」を持つ",
          },
          {
            "hasDemeritEffect": false,
            "id": "6621200",
            "maxStacks": 1,
            "name": "出撃時に「青色の結晶雫」を持つ",
          },
          {
            "hasDemeritEffect": false,
            "id": "6621700",
            "maxStacks": 1,
            "name": "出撃時に「緑湧きの結晶雫」を持つ",
          },
          {
            "hasDemeritEffect": false,
            "id": "6621800",
            "maxStacks": 1,
            "name": "出撃時に「真珠色の硬雫」を持つ",
          },
          {
            "hasDemeritEffect": false,
            "id": "6621300",
            "maxStacks": 1,
            "name": "出撃時に「斑彩色の硬雫」を持つ",
          },
          {
            "hasDemeritEffect": false,
            "id": "6622300",
            "maxStacks": 1,
            "name": "出撃時に「鉛色の硬雫」を持つ",
          },
          {
            "hasDemeritEffect": false,
            "id": "6622900",
            "maxStacks": 1,
            "name": "出撃時に「魔力纏いの割れ雫」を持つ",
          },
          {
            "hasDemeritEffect": false,
            "id": "6622800",
            "maxStacks": 1,
            "name": "出撃時に「炎纏いの割れ雫」を持つ",
          },
          {
            "hasDemeritEffect": false,
            "id": "6623000",
            "maxStacks": 1,
            "name": "出撃時に「雷纏いの割れ雫」を持つ",
          },
          {
            "hasDemeritEffect": false,
            "id": "6623100",
            "maxStacks": 1,
            "name": "出撃時に「聖纏いの割れ雫」を持つ",
          },
          {
            "hasDemeritEffect": false,
            "id": "6622700",
            "maxStacks": 1,
            "name": "出撃時に「岩棘の割れ雫」を持つ",
          },
          {
            "hasDemeritEffect": false,
            "id": "6622000",
            "maxStacks": 1,
            "name": "出撃時に「大棘の割れ雫」を持つ",
          },
          {
            "hasDemeritEffect": false,
            "id": "6621900",
            "maxStacks": 1,
            "name": "出撃時に「連棘の割れ雫」を持つ",
          },
          {
            "hasDemeritEffect": false,
            "id": "6622400",
            "maxStacks": 1,
            "name": "出撃時に「細枝の割れ雫」を持つ",
          },
          {
            "hasDemeritEffect": false,
            "id": "6622100",
            "maxStacks": 1,
            "name": "出撃時に「風の結晶雫」を持つ",
          },
          {
            "hasDemeritEffect": false,
            "id": "6621400",
            "maxStacks": 1,
            "name": "出撃時に「緋色の泡雫」を持つ",
          },
          {
            "hasDemeritEffect": false,
            "id": "6622500",
            "maxStacks": 1,
            "name": "出撃時に「緋色渦の泡雫」を持つ",
          },
          {
            "hasDemeritEffect": false,
            "id": "6621500",
            "maxStacks": 1,
            "name": "出撃時に「真珠色の泡雫」を持つ",
          },
          {
            "hasDemeritEffect": false,
            "id": "6622600",
            "maxStacks": 1,
            "name": "出撃時に「青色の秘雫」を持つ",
          },
          {
            "hasDemeritEffect": false,
            "id": "6622200",
            "maxStacks": 1,
            "name": "出撃時に「破裂した結晶雫」を持つ",
          },
        ],
      },
      {
        "category": "マップ環境",
        "children": [
          {
            "hasDemeritEffect": false,
            "id": "7070000",
            "maxStacks": 1,
            "name": "埋もれ宝の位置を地図に表示",
          },
          {
            "hasDemeritEffect": false,
            "id": "7230000",
            "maxStacks": 1,
            "name": "出撃中、ショップでの購入に必要なルーンが割引",
          },
          {
            "hasDemeritEffect": false,
            "id": "7230001",
            "maxStacks": 1,
            "name": "出撃中、ショップでの購入に必要なルーンが大割引",
          },
        ],
      },
      {
        "category": "チームメンバー",
        "children": [
          {
            "hasDemeritEffect": false,
            "id": "7110000",
            "maxStacks": 6,
            "name": "自身と味方の取得ルーン増加",
          },
          {
            "hasDemeritEffect": false,
            "id": "7050000",
            "maxStacks": 1,
            "name": "自身を除く、周囲の味方のスタミナ回復速度上昇",
          },
          {
            "hasDemeritEffect": false,
            "id": "7010200",
            "maxStacks": 1,
            "name": "聖杯瓶の回復を、周囲の味方に分配",
          },
          {
            "hasDemeritEffect": false,
            "id": "7090100",
            "maxStacks": 1,
            "name": "敵を倒した時、自身を除く周囲の味方のHPを回復",
          },
          {
            "hasDemeritEffect": false,
            "id": "7050100",
            "maxStacks": 1,
            "name": "アイテムの効果が周囲の味方にも発動",
          },
        ],
      },
    ],
  },
  {
    "category": "特定キャラクターのみ",
    "children": [
      {
        "category": "追跡者",
        "children": [
          {
            "hasDemeritEffect": false,
            "id": "7032400",
            "maxStacks": 1,
            "name": "【追跡者】アビリティ発動時、アーツゲージ増加",
          },
          {
            "hasDemeritEffect": false,
            "id": "7020000",
            "maxStacks": 1,
            "name": "【追跡者】スキル使用時、通常攻撃で炎を纏った追撃を行う（大剣のみ）",
          },
          {
            "hasDemeritEffect": false,
            "id": "7033200",
            "maxStacks": 1,
            "name": "【追跡者】スキルの使用回数+1",
          },
          {
            "hasDemeritEffect": false,
            "id": "7010500",
            "maxStacks": 1,
            "name": "【追跡者】アーツ発動時、周囲を延焼",
          },
          {
            "hasDemeritEffect": false,
            "id": "6640000",
            "maxStacks": 1,
            "name": "【追跡者】精神力上昇、生命力低下",
          },
          {
            "hasDemeritEffect": false,
            "id": "6640100",
            "maxStacks": 1,
            "name": "【追跡者】知力/信仰上昇、筋力/技量低下",
          },
          {
            "hasDemeritEffect": false,
            "id": "6500000",
            "maxStacks": 1,
            "name": "【追跡者】スキルに、出血の状態異常を付加",
          },
        ],
      },
      {
        "category": "守護者",
        "children": [
          {
            "hasDemeritEffect": false,
            "id": "7033400",
            "maxStacks": 1,
            "name": "【守護者】アビリティ発動中、ガード成功時、衝撃波が発生",
          },
          {
            "hasDemeritEffect": false,
            "id": "7011000",
            "maxStacks": 1,
            "name": "【守護者】スキルの持続時間延長",
          },
          {
            "hasDemeritEffect": false,
            "id": "7012000",
            "maxStacks": 1,
            "name": "【守護者】アーツ発動時、周囲の味方のHPを徐々に回復",
          },
          {
            "hasDemeritEffect": false,
            "id": "7011600",
            "maxStacks": 1,
            "name": "【守護者】斧槍タメ攻撃時、つむじ風が発生",
          },
          {
            "hasDemeritEffect": false,
            "id": "6641000",
            "maxStacks": 1,
            "name": "【守護者】筋力/技量上昇、生命力低下",
          },
          {
            "hasDemeritEffect": false,
            "id": "6641100",
            "maxStacks": 1,
            "name": "【守護者】精神力/信仰上昇、生命力低下",
          },
          {
            "hasDemeritEffect": false,
            "id": "6500100",
            "maxStacks": 1,
            "name": "【守護者】スキル使用時、周囲の味方のカット率上昇",
          },
        ],
      },
      {
        "category": "鉄の目",
        "children": [
          {
            "hasDemeritEffect": false,
            "id": "7270100",
            "maxStacks": 1,
            "name": "【鉄の目】スキルの使用回数+1",
          },
          {
            "hasDemeritEffect": false,
            "id": "7034600",
            "maxStacks": 1,
            "name": "【鉄の目】アーツのタメ発動時、毒の状態異常を付加",
          },
          {
            "hasDemeritEffect": false,
            "id": "7034700",
            "maxStacks": 1,
            "name": "【鉄の目】アーツ発動後、刺突カウンター強化",
          },
          {
            "hasDemeritEffect": false,
            "id": "7280000",
            "maxStacks": 1,
            "name": "【鉄の目】弱点の持続時間を延長させる",
          },
          {
            "hasDemeritEffect": false,
            "id": "6642100",
            "maxStacks": 1,
            "name": "【鉄の目】生命力/筋力上昇、技量低下",
          },
          {
            "hasDemeritEffect": false,
            "id": "6642000",
            "maxStacks": 1,
            "name": "【鉄の目】神秘上昇、技量低下",
          },
          {
            "hasDemeritEffect": false,
            "id": "6500200",
            "maxStacks": 1,
            "name": "【鉄の目】スキルに毒の状態異常を付加して毒状態の敵に大ダメージ",
          },
        ],
      },
      {
        "category": "レディ",
        "children": [
          {
            "hasDemeritEffect": false,
            "id": "7290000",
            "maxStacks": 1,
            "name": "【レディ】スキルのダメージ上昇",
          },
          {
            "hasDemeritEffect": false,
            "id": "7032700",
            "maxStacks": 1,
            "name": "【レディ】アーツ発動中、敵撃破で攻撃力上昇",
          },
          {
            "hasDemeritEffect": false,
            "id": "7010700",
            "maxStacks": 1,
            "name": "【レディ】短剣による連続攻撃時、周囲の敵に直近の出来事を再演",
          },
          {
            "hasDemeritEffect": false,
            "id": "7031800",
            "maxStacks": 1,
            "name": "【レディ】背後からの致命の一撃後、自身の姿を見え難くし、足音を消す",
          },
          {
            "hasDemeritEffect": false,
            "id": "6643000",
            "maxStacks": 1,
            "name": "【レディ】生命力/筋力上昇、精神力低下",
          },
          {
            "hasDemeritEffect": false,
            "id": "6643100",
            "maxStacks": 1,
            "name": "【レディ】精神力/信仰上昇、知力低下",
          },
          {
            "hasDemeritEffect": false,
            "id": "6500300",
            "maxStacks": 1,
            "name": "【レディ】スキル使用時、僅かに無敵",
          },
        ],
      },
      {
        "category": "無頼漢",
        "children": [
          {
            "hasDemeritEffect": false,
            "id": "7031300",
            "maxStacks": 1,
            "name": "【無頼漢】スキル中に攻撃を受けると攻撃力と最大スタミナ上昇",
          },
          {
            "hasDemeritEffect": false,
            "id": "7310000",
            "maxStacks": 1,
            "name": "【無頼漢】アーツの効果時間延長",
          },
          {
            "hasDemeritEffect": false,
            "id": "7090300",
            "maxStacks": 1,
            "name": "トーテム・ステラの周囲で敵を倒した時、HP回復",
          },
          {
            "hasDemeritEffect": false,
            "id": "7030000",
            "maxStacks": 1,
            "name": "トーテム・ステラの周囲で、強靭度上昇",
          },
          {
            "hasDemeritEffect": false,
            "id": "6644000",
            "maxStacks": 1,
            "name": "【無頼漢】精神力/知力上昇、生命力/持久力低下",
          },
          {
            "hasDemeritEffect": false,
            "id": "6644100",
            "maxStacks": 1,
            "name": "【無頼漢】神秘上昇、生命力低下",
          },
          {
            "hasDemeritEffect": false,
            "id": "6500400",
            "maxStacks": 1,
            "name": "【無頼漢】スキル命中時、敵の攻撃力低下",
          },
        ],
      },
      {
        "category": "復讐者",
        "children": [
          {
            "hasDemeritEffect": false,
            "id": "7011200",
            "maxStacks": 1,
            "name": "【復讐者】アーツ発動時、霊炎の爆発を発生",
          },
          {
            "hasDemeritEffect": false,
            "id": "7010900",
            "maxStacks": 1,
            "name": "【復讐者】アーツ発動時、自身のHPと引き換えに周囲の味方のHPを全回復",
          },
          {
            "hasDemeritEffect": false,
            "id": "7031200",
            "maxStacks": 1,
            "name": "【復讐者】アーツ発動時、ファミリーと味方を強化",
          },
          {
            "hasDemeritEffect": false,
            "id": "7220000",
            "maxStacks": 1,
            "name": "【復讐者】ファミリーと共闘中の間、自身を強化",
          },
          {
            "hasDemeritEffect": false,
            "id": "6645000",
            "maxStacks": 1,
            "name": "【復讐者】生命力/持久力上昇、精神力低下",
          },
          {
            "hasDemeritEffect": false,
            "id": "6645100",
            "maxStacks": 1,
            "name": "【復讐者】筋力上昇、信仰低下",
          },
          {
            "hasDemeritEffect": false,
            "id": "6500500",
            "maxStacks": 1,
            "name": "【復讐者】アビリティ発動時、最大FP上昇",
          },
        ],
      },
      {
        "category": "隠者",
        "children": [
          {
            "hasDemeritEffect": false,
            "id": "7032900",
            "maxStacks": 1,
            "name": "【隠者】アーツ発動時、自身が出血状態になり、攻撃力上昇",
          },
          {
            "hasDemeritEffect": false,
            "id": "7034100",
            "maxStacks": 1,
            "name": "【隠者】アーツ発動時、最大HP上昇",
          },
          {
            "hasDemeritEffect": false,
            "id": "7032800",
            "maxStacks": 1,
            "name": "【隠者】属性痕を集めた時、「魔術の地」が発動",
          },
          {
            "hasDemeritEffect": false,
            "id": "6646000",
            "maxStacks": 1,
            "name": "【隠者】生命力/持久力/技量上昇、知力/信仰低下",
          },
          {
            "hasDemeritEffect": false,
            "id": "6646100",
            "maxStacks": 1,
            "name": "【隠者】知力/信仰上昇、精神力低下",
          },
          {
            "hasDemeritEffect": false,
            "id": "6500600",
            "maxStacks": 1,
            "name": "【隠者】属性痕を集めた時、対応する属性カット率上昇",
          },
        ],
      },
      {
        "category": "執行者",
        "children": [
          {
            "hasDemeritEffect": false,
            "id": "7034400",
            "maxStacks": 1,
            "name": "【執行者】スキル中の攻撃力上昇、攻撃時にHP減少",
          },
          {
            "hasDemeritEffect": false,
            "id": "7034500",
            "maxStacks": 1,
            "name": "【執行者】スキル中、妖刀が解放状態になるとHP回復",
          },
          {
            "hasDemeritEffect": false,
            "id": "7011700",
            "maxStacks": 1,
            "name": "【執行者】アーツ発動中、咆哮でHP回復",
          },
          {
            "hasDemeritEffect": false,
            "id": "6647000",
            "maxStacks": 1,
            "name": "【執行者】生命力/持久力上昇、神秘低下",
          },
          {
            "hasDemeritEffect": false,
            "id": "6647100",
            "maxStacks": 1,
            "name": "【執行者】技量/神秘上昇、生命力低下",
          },
          {
            "hasDemeritEffect": false,
            "id": "6500700",
            "maxStacks": 1,
            "name": "【執行者】アビリティ発動時、HPをゆっくりと回復",
          },
        ],
      },
    ],
  },
  {
    "category": "特定武器のみ",
    "children": [
      {
        "category": "短剣",
        "children": [
          {
            "hasDemeritEffect": false,
            "id": "7330000",
            "maxStacks": 6,
            "name": "短剣の攻撃力上昇",
          },
          {
            "hasDemeritEffect": false,
            "id": "7340000",
            "maxStacks": 1,
            "name": "短剣の攻撃でHP回復",
          },
          {
            "hasDemeritEffect": false,
            "id": "7350000",
            "maxStacks": 1,
            "name": "短剣の攻撃でFP回復",
          },
          {
            "hasDemeritEffect": false,
            "id": "7080000",
            "maxStacks": 1,
            "name": "短剣の武器種を3つ以上装備していると攻撃力上昇",
          },
          {
            "category": "潜在する力から、〇〇を見つけやすくなる",
            "hasDemeritEffect": false,
            "id": "6630000",
            "maxStacks": 1,
            "name": "潜在する力から、短剣を見つけやすくなる",
          },
        ],
      },
      {
        "category": "直剣",
        "children": [
          {
            "hasDemeritEffect": false,
            "id": "7330100",
            "maxStacks": 6,
            "name": "直剣の攻撃力上昇",
          },
          {
            "hasDemeritEffect": false,
            "id": "7340100",
            "maxStacks": 1,
            "name": "直剣の攻撃でHP回復",
          },
          {
            "hasDemeritEffect": false,
            "id": "7350100",
            "maxStacks": 1,
            "name": "直剣の攻撃でFP回復",
          },
          {
            "hasDemeritEffect": false,
            "id": "7080100",
            "maxStacks": 1,
            "name": "直剣の武器種を3つ以上装備していると攻撃力上昇",
          },
          {
            "category": "潜在する力から、〇〇を見つけやすくなる",
            "hasDemeritEffect": false,
            "id": "6630100",
            "maxStacks": 1,
            "name": "潜在する力から、直剣を見つけやすくなる",
          },
        ],
      },
      {
        "category": "大剣",
        "children": [
          {
            "hasDemeritEffect": false,
            "id": "7330200",
            "maxStacks": 6,
            "name": "大剣の攻撃力上昇",
          },
          {
            "hasDemeritEffect": false,
            "id": "7340200",
            "maxStacks": 1,
            "name": "大剣の攻撃でHP回復",
          },
          {
            "hasDemeritEffect": false,
            "id": "7350200",
            "maxStacks": 1,
            "name": "大剣の攻撃でFP回復",
          },
          {
            "hasDemeritEffect": false,
            "id": "7080200",
            "maxStacks": 1,
            "name": "大剣の武器種を3つ以上装備していると攻撃力上昇",
          },
          {
            "category": "潜在する力から、〇〇を見つけやすくなる",
            "hasDemeritEffect": false,
            "id": "6630200",
            "maxStacks": 1,
            "name": "潜在する力から、大剣を見つけやすくなる",
          },
        ],
      },
      {
        "category": "特大剣",
        "children": [
          {
            "hasDemeritEffect": false,
            "id": "7330300",
            "maxStacks": 6,
            "name": "特大剣の攻撃力上昇",
          },
          {
            "hasDemeritEffect": false,
            "id": "7340300",
            "maxStacks": 1,
            "name": "特大剣の攻撃でHP回復",
          },
          {
            "hasDemeritEffect": false,
            "id": "7350300",
            "maxStacks": 1,
            "name": "特大剣の攻撃でFP回復",
          },
          {
            "hasDemeritEffect": false,
            "id": "7080300",
            "maxStacks": 1,
            "name": "特大剣の武器種を3つ以上装備していると攻撃力上昇",
          },
          {
            "category": "潜在する力から、〇〇を見つけやすくなる",
            "hasDemeritEffect": false,
            "id": "6630300",
            "maxStacks": 1,
            "name": "潜在する力から、特大剣を見つけやすくなる",
          },
        ],
      },
      {
        "category": "刺剣",
        "children": [
          {
            "hasDemeritEffect": false,
            "id": "7330800",
            "maxStacks": 6,
            "name": "刺剣の攻撃力上昇",
          },
          {
            "hasDemeritEffect": false,
            "id": "7340800",
            "maxStacks": 1,
            "name": "刺剣の攻撃でHP回復",
          },
          {
            "hasDemeritEffect": false,
            "id": "7350800",
            "maxStacks": 1,
            "name": "刺剣の攻撃でFP回復",
          },
          {
            "hasDemeritEffect": false,
            "id": "7080800",
            "maxStacks": 1,
            "name": "刺剣の武器種を3つ以上装備していると攻撃力上昇",
          },
          {
            "category": "潜在する力から、〇〇を見つけやすくなる",
            "hasDemeritEffect": false,
            "id": "6630800",
            "maxStacks": 1,
            "name": "潜在する力から、刺剣を見つけやすくなる",
          },
        ],
      },
      {
        "category": "重刺剣",
        "children": [
          {
            "hasDemeritEffect": false,
            "id": "7330900",
            "maxStacks": 6,
            "name": "重刺剣の攻撃力上昇",
          },
          {
            "hasDemeritEffect": false,
            "id": "7340900",
            "maxStacks": 1,
            "name": "重刺剣の攻撃でHP回復",
          },
          {
            "hasDemeritEffect": false,
            "id": "7350900",
            "maxStacks": 1,
            "name": "重刺剣の攻撃でFP回復",
          },
          {
            "hasDemeritEffect": false,
            "id": "7080900",
            "maxStacks": 1,
            "name": "重刺剣の武器種を3つ以上装備していると攻撃力上昇",
          },
          {
            "category": "潜在する力から、〇〇を見つけやすくなる",
            "hasDemeritEffect": false,
            "id": "6630900",
            "maxStacks": 1,
            "name": "潜在する力から、重刺剣を見つけやすくなる",
          },
        ],
      },
      {
        "category": "曲剣",
        "children": [
          {
            "hasDemeritEffect": false,
            "id": "7330400",
            "maxStacks": 6,
            "name": "曲剣の攻撃力上昇",
          },
          {
            "hasDemeritEffect": false,
            "id": "7340400",
            "maxStacks": 1,
            "name": "曲剣の攻撃でHP回復",
          },
          {
            "hasDemeritEffect": false,
            "id": "7350400",
            "maxStacks": 1,
            "name": "曲剣の攻撃でFP回復",
          },
          {
            "hasDemeritEffect": false,
            "id": "7080400",
            "maxStacks": 1,
            "name": "曲剣の武器種を3つ以上装備していると攻撃力上昇",
          },
          {
            "category": "潜在する力から、〇〇を見つけやすくなる",
            "hasDemeritEffect": false,
            "id": "6630400",
            "maxStacks": 1,
            "name": "潜在する力から、曲剣を見つけやすくなる",
          },
        ],
      },
      {
        "category": "大曲剣",
        "children": [
          {
            "hasDemeritEffect": false,
            "id": "7330500",
            "maxStacks": 6,
            "name": "大曲剣の攻撃力上昇",
          },
          {
            "hasDemeritEffect": false,
            "id": "7340500",
            "maxStacks": 1,
            "name": "大曲剣の攻撃でHP回復",
          },
          {
            "hasDemeritEffect": false,
            "id": "7350500",
            "maxStacks": 1,
            "name": "大曲剣の攻撃でFP回復",
          },
          {
            "hasDemeritEffect": false,
            "id": "7080500",
            "maxStacks": 1,
            "name": "大曲剣の武器種を3つ以上装備していると攻撃力上昇",
          },
          {
            "category": "潜在する力から、〇〇を見つけやすくなる",
            "hasDemeritEffect": false,
            "id": "6630500",
            "maxStacks": 1,
            "name": "潜在する力から、大曲剣を見つけやすくなる",
          },
        ],
      },
      {
        "category": "刀",
        "children": [
          {
            "hasDemeritEffect": false,
            "id": "7330600",
            "maxStacks": 6,
            "name": "刀の攻撃力上昇",
          },
          {
            "hasDemeritEffect": false,
            "id": "7340600",
            "maxStacks": 1,
            "name": "刀の攻撃でHP回復",
          },
          {
            "hasDemeritEffect": false,
            "id": "7350600",
            "maxStacks": 1,
            "name": "刀の攻撃でFP回復",
          },
          {
            "hasDemeritEffect": false,
            "id": "7080600",
            "maxStacks": 1,
            "name": "刀の武器種を3つ以上装備していると攻撃力上昇",
          },
          {
            "category": "潜在する力から、〇〇を見つけやすくなる",
            "hasDemeritEffect": false,
            "id": "6630600",
            "maxStacks": 1,
            "name": "潜在する力から、刀を見つけやすくなる",
          },
        ],
      },
      {
        "category": "両刃剣",
        "children": [
          {
            "hasDemeritEffect": false,
            "id": "7330700",
            "maxStacks": 6,
            "name": "両刃剣の攻撃力上昇",
          },
          {
            "hasDemeritEffect": false,
            "id": "7340700",
            "maxStacks": 1,
            "name": "両刃剣の攻撃でHP回復",
          },
          {
            "hasDemeritEffect": false,
            "id": "7350700",
            "maxStacks": 1,
            "name": "両刃剣の攻撃でFP回復",
          },
          {
            "hasDemeritEffect": false,
            "id": "7080700",
            "maxStacks": 1,
            "name": "両刃剣の武器種を3つ以上装備していると攻撃力上昇",
          },
          {
            "category": "潜在する力から、〇〇を見つけやすくなる",
            "hasDemeritEffect": false,
            "id": "6630700",
            "maxStacks": 1,
            "name": "潜在する力から、両刃剣を見つけやすくなる",
          },
        ],
      },
      {
        "category": "斧",
        "children": [
          {
            "hasDemeritEffect": false,
            "id": "7331000",
            "maxStacks": 6,
            "name": "斧の攻撃力上昇",
          },
          {
            "hasDemeritEffect": false,
            "id": "7341000",
            "maxStacks": 1,
            "name": "斧の攻撃でHP回復",
          },
          {
            "hasDemeritEffect": false,
            "id": "7351000",
            "maxStacks": 1,
            "name": "斧の攻撃でFP回復",
          },
          {
            "hasDemeritEffect": false,
            "id": "7081000",
            "maxStacks": 1,
            "name": "斧の武器種を3つ以上装備していると攻撃力上昇",
          },
          {
            "category": "潜在する力から、〇〇を見つけやすくなる",
            "hasDemeritEffect": false,
            "id": "6631000",
            "maxStacks": 1,
            "name": "潜在する力から、斧を見つけやすくなる",
          },
        ],
      },
      {
        "category": "大斧",
        "children": [
          {
            "hasDemeritEffect": false,
            "id": "7331100",
            "maxStacks": 6,
            "name": "大斧の攻撃力上昇",
          },
          {
            "hasDemeritEffect": false,
            "id": "7341100",
            "maxStacks": 1,
            "name": "大斧の攻撃でHP回復",
          },
          {
            "hasDemeritEffect": false,
            "id": "7351100",
            "maxStacks": 1,
            "name": "大斧の攻撃でFP回復",
          },
          {
            "hasDemeritEffect": false,
            "id": "7081100",
            "maxStacks": 1,
            "name": "大斧の武器種を3つ以上装備していると攻撃力上昇",
          },
          {
            "category": "潜在する力から、〇〇を見つけやすくなる",
            "hasDemeritEffect": false,
            "id": "6631100",
            "maxStacks": 1,
            "name": "潜在する力から、大斧を見つけやすくなる",
          },
        ],
      },
      {
        "category": "槌",
        "children": [
          {
            "hasDemeritEffect": false,
            "id": "7331200",
            "maxStacks": 6,
            "name": "槌の攻撃力上昇",
          },
          {
            "hasDemeritEffect": false,
            "id": "7341200",
            "maxStacks": 1,
            "name": "槌の攻撃でHP回復",
          },
          {
            "hasDemeritEffect": false,
            "id": "7351200",
            "maxStacks": 1,
            "name": "槌の攻撃でFP回復",
          },
          {
            "hasDemeritEffect": false,
            "id": "7081200",
            "maxStacks": 1,
            "name": "槌の武器種を3つ以上装備していると攻撃力上昇",
          },
          {
            "category": "潜在する力から、〇〇を見つけやすくなる",
            "hasDemeritEffect": false,
            "id": "6631200",
            "maxStacks": 1,
            "name": "潜在する力から、槌を見つけやすくなる",
          },
        ],
      },
      {
        "category": "フレイル",
        "children": [
          {
            "hasDemeritEffect": false,
            "id": "7331400",
            "maxStacks": 6,
            "name": "フレイルの攻撃力上昇",
          },
          {
            "hasDemeritEffect": false,
            "id": "7341400",
            "maxStacks": 1,
            "name": "フレイルの攻撃でHP回復",
          },
          {
            "hasDemeritEffect": false,
            "id": "7351400",
            "maxStacks": 1,
            "name": "フレイルの攻撃でFP回復",
          },
          {
            "hasDemeritEffect": false,
            "id": "7081400",
            "maxStacks": 1,
            "name": "フレイルの武器種を3つ以上装備していると攻撃力上昇",
          },
          {
            "category": "潜在する力から、〇〇を見つけやすくなる",
            "hasDemeritEffect": false,
            "id": "6631400",
            "maxStacks": 1,
            "name": "潜在する力から、フレイルを見つけやすくなる",
          },
        ],
      },
      {
        "category": "大槌",
        "children": [
          {
            "hasDemeritEffect": false,
            "id": "7331300",
            "maxStacks": 6,
            "name": "大槌の攻撃力上昇",
          },
          {
            "hasDemeritEffect": false,
            "id": "7341300",
            "maxStacks": 1,
            "name": "大槌の攻撃でHP回復",
          },
          {
            "hasDemeritEffect": false,
            "id": "7351300",
            "maxStacks": 1,
            "name": "大槌の攻撃でFP回復",
          },
          {
            "hasDemeritEffect": false,
            "id": "7081300",
            "maxStacks": 1,
            "name": "大槌の武器種を3つ以上装備していると攻撃力上昇",
          },
          {
            "category": "潜在する力から、〇〇を見つけやすくなる",
            "hasDemeritEffect": false,
            "id": "6631300",
            "maxStacks": 1,
            "name": "潜在する力から、大槌を見つけやすくなる",
          },
        ],
      },
      {
        "category": "特大武器",
        "children": [
          {
            "hasDemeritEffect": false,
            "id": "7332300",
            "maxStacks": 6,
            "name": "特大武器の攻撃力上昇",
          },
          {
            "hasDemeritEffect": false,
            "id": "7342300",
            "maxStacks": 1,
            "name": "特大武器の攻撃でHP回復",
          },
          {
            "hasDemeritEffect": false,
            "id": "7352300",
            "maxStacks": 1,
            "name": "特大武器の攻撃でFP回復",
          },
          {
            "hasDemeritEffect": false,
            "id": "7082300",
            "maxStacks": 1,
            "name": "特大武器の武器種を3つ以上装備していると攻撃力上昇",
          },
          {
            "category": "潜在する力から、〇〇を見つけやすくなる",
            "hasDemeritEffect": false,
            "id": "6632200",
            "maxStacks": 1,
            "name": "潜在する力から、特大武器を見つけやすくなる",
          },
        ],
      },
      {
        "category": "槍",
        "children": [
          {
            "hasDemeritEffect": false,
            "id": "7331500",
            "maxStacks": 6,
            "name": "槍の攻撃力上昇",
          },
          {
            "hasDemeritEffect": false,
            "id": "7341500",
            "maxStacks": 1,
            "name": "槍の攻撃でHP回復",
          },
          {
            "hasDemeritEffect": false,
            "id": "7351500",
            "maxStacks": 1,
            "name": "槍の攻撃でFP回復",
          },
          {
            "hasDemeritEffect": false,
            "id": "7081500",
            "maxStacks": 1,
            "name": "槍の武器種を3つ以上装備していると攻撃力上昇",
          },
          {
            "category": "潜在する力から、〇〇を見つけやすくなる",
            "hasDemeritEffect": false,
            "id": "6631500",
            "maxStacks": 1,
            "name": "潜在する力から、槍を見つけやすくなる",
          },
        ],
      },
      {
        "category": "大槍",
        "children": [
          {
            "hasDemeritEffect": false,
            "id": "7331700",
            "maxStacks": 6,
            "name": "大槍の攻撃力上昇",
          },
          {
            "hasDemeritEffect": false,
            "id": "7341700",
            "maxStacks": 1,
            "name": "大槍の攻撃でHP回復",
          },
          {
            "hasDemeritEffect": false,
            "id": "7351700",
            "maxStacks": 1,
            "name": "大槍の攻撃でFP回復",
          },
          {
            "hasDemeritEffect": false,
            "id": "7081700",
            "maxStacks": 1,
            "name": "大槍の武器種を3つ以上装備していると攻撃力上昇",
          },
          {
            "category": "潜在する力から、〇〇を見つけやすくなる",
            "hasDemeritEffect": false,
            "id": "6631600",
            "maxStacks": 1,
            "name": "潜在する力から、大槍を見つけやすくなる",
          },
        ],
      },
      {
        "category": "鎌",
        "children": [
          {
            "hasDemeritEffect": false,
            "id": "7331900",
            "maxStacks": 6,
            "name": "鎌の攻撃力上昇",
          },
          {
            "hasDemeritEffect": false,
            "id": "7341900",
            "maxStacks": 1,
            "name": "鎌の攻撃でHP回復",
          },
          {
            "hasDemeritEffect": false,
            "id": "7351900",
            "maxStacks": 1,
            "name": "鎌の攻撃でFP回復",
          },
          {
            "hasDemeritEffect": false,
            "id": "7081900",
            "maxStacks": 1,
            "name": "鎌の武器種を3つ以上装備していると攻撃力上昇",
          },
          {
            "category": "潜在する力から、〇〇を見つけやすくなる",
            "hasDemeritEffect": false,
            "id": "6631800",
            "maxStacks": 1,
            "name": "潜在する力から、鎌を見つけやすくなる",
          },
        ],
      },
      {
        "category": "鞭",
        "children": [
          {
            "hasDemeritEffect": false,
            "id": "7332200",
            "maxStacks": 6,
            "name": "鞭の攻撃力上昇",
          },
          {
            "hasDemeritEffect": false,
            "id": "7342200",
            "maxStacks": 1,
            "name": "鞭の攻撃でHP回復",
          },
          {
            "hasDemeritEffect": false,
            "id": "7352200",
            "maxStacks": 1,
            "name": "鞭の攻撃でFP回復",
          },
          {
            "hasDemeritEffect": false,
            "id": "7082200",
            "maxStacks": 1,
            "name": "鞭の武器種を3つ以上装備していると攻撃力上昇",
          },
          {
            "category": "潜在する力から、〇〇を見つけやすくなる",
            "hasDemeritEffect": false,
            "id": "6632100",
            "maxStacks": 1,
            "name": "潜在する力から、鞭を見つけやすくなる",
          },
        ],
      },
      {
        "category": "拳",
        "children": [
          {
            "hasDemeritEffect": false,
            "id": "7332000",
            "maxStacks": 6,
            "name": "拳の攻撃力上昇",
          },
          {
            "hasDemeritEffect": false,
            "id": "7342000",
            "maxStacks": 1,
            "name": "拳の攻撃でHP回復",
          },
          {
            "hasDemeritEffect": false,
            "id": "7352000",
            "maxStacks": 1,
            "name": "拳の攻撃でFP回復",
          },
          {
            "hasDemeritEffect": false,
            "id": "7082000",
            "maxStacks": 1,
            "name": "拳の武器種を3つ以上装備していると攻撃力上昇",
          },
          {
            "category": "潜在する力から、〇〇を見つけやすくなる",
            "hasDemeritEffect": false,
            "id": "6631900",
            "maxStacks": 1,
            "name": "潜在する力から、拳を見つけやすくなる",
          },
        ],
      },
      {
        "category": "爪",
        "children": [
          {
            "hasDemeritEffect": false,
            "id": "7332100",
            "maxStacks": 6,
            "name": "爪の攻撃力上昇",
          },
          {
            "hasDemeritEffect": false,
            "id": "7342100",
            "maxStacks": 1,
            "name": "爪の攻撃でHP回復",
          },
          {
            "hasDemeritEffect": false,
            "id": "7352100",
            "maxStacks": 1,
            "name": "爪の攻撃でFP回復",
          },
          {
            "hasDemeritEffect": false,
            "id": "7082100",
            "maxStacks": 1,
            "name": "爪の武器種を3つ以上装備していると攻撃力上昇",
          },
          {
            "category": "潜在する力から、〇〇を見つけやすくなる",
            "hasDemeritEffect": false,
            "id": "6632000",
            "maxStacks": 1,
            "name": "潜在する力から、爪を見つけやすくなる",
          },
        ],
      },
      {
        "category": "弓",
        "children": [
          {
            "hasDemeritEffect": false,
            "id": "7332400",
            "maxStacks": 6,
            "name": "弓の攻撃力上昇",
          },
          {
            "hasDemeritEffect": false,
            "id": "7342400",
            "maxStacks": 1,
            "name": "弓の攻撃でHP回復",
          },
          {
            "hasDemeritEffect": false,
            "id": "7352400",
            "maxStacks": 1,
            "name": "弓の攻撃でFP回復",
          },
          {
            "hasDemeritEffect": false,
            "id": "7082400",
            "maxStacks": 1,
            "name": "弓の武器種を3つ以上装備していると攻撃力上昇",
          },
          {
            "category": "潜在する力から、〇〇を見つけやすくなる",
            "hasDemeritEffect": false,
            "id": "6632300",
            "maxStacks": 1,
            "name": "潜在する力から、弓を見つけやすくなる",
          },
        ],
      },
      {
        "category": "大弓",
        "children": [
          {
            "children": [],
            "id": "",
            "maxStacks": 0,
            "name": "潜在する力から、「大弓」を見つけやすくなる",
          },
        ],
      },
      {
        "category": "クロスボウ",
        "children": [
          {
            "children": [],
            "id": "",
            "maxStacks": 0,
            "name": "潜在する力から、「クロスボウ」を見つけやすくなる",
          },
        ],
      },
      {
        "category": "バリスタ",
        "children": [
          {
            "children": [],
            "id": "",
            "maxStacks": 0,
            "name": "潜在する力から、「バリスタ」を見つけやすくなる",
          },
        ],
      },
      {
        "category": "松明",
        "children": [
          {
            "children": [],
            "id": "",
            "maxStacks": 0,
            "name": "潜在する力から、「松明」を見つけやすくなる",
          },
        ],
      },
      {
        "category": "小盾",
        "children": [
          {
            "hasDemeritEffect": false,
            "id": "7082700",
            "maxStacks": 1,
            "name": "小盾の武器種を3つ以上装備していると最大HP上昇",
          },
          {
            "children": [],
            "id": "",
            "maxStacks": 0,
            "name": "潜在する力から、「小盾」を見つけやすくなる",
          },
        ],
      },
      {
        "category": "中盾",
        "children": [
          {
            "hasDemeritEffect": false,
            "id": "7082800",
            "maxStacks": 1,
            "name": "中盾の武器種を3つ以上装備していると最大HP上昇",
          },
          {
            "children": [],
            "id": "",
            "maxStacks": 0,
            "name": "潜在する力から、「中盾」を見つけやすくなる",
          },
        ],
      },
      {
        "category": "大盾",
        "children": [
          {
            "hasDemeritEffect": false,
            "id": "7082900",
            "maxStacks": 1,
            "name": "大盾の武器種を3つ以上装備していると最大HP上昇",
          },
          {
            "children": [],
            "id": "",
            "maxStacks": 0,
            "name": "潜在する力から、「大盾」を見つけやすくなる",
          },
        ],
      },
      {
        "category": "杖",
        "children": [
          {
            "hasDemeritEffect": false,
            "id": "7082500",
            "maxStacks": 1,
            "name": "杖の武器種を3つ以上装備していると最大FP上昇",
          },
          {
            "children": [],
            "id": "",
            "maxStacks": 0,
            "name": "潜在する力から、「杖」を見つけやすくなる",
          },
        ],
      },
      {
        "category": "聖印",
        "children": [
          {
            "hasDemeritEffect": false,
            "id": "7082600",
            "maxStacks": 1,
            "name": "聖印の武器種を3つ以上装備していると最大FP上昇",
          },
          {
            "children": [],
            "id": "",
            "maxStacks": 0,
            "name": "潜在する力から、「聖印」を見つけやすくなる",
          },
        ],
      },
    ],
  },
]
`;
